$title	GTAPIEA aggregation from the GSD Source Data

$setglobal source gsd01

SET   rr   Regions in aggregation /
	SAF	South Africa
	RSA	Rest of Southern Africa
	RSS	Rest of Sub-Saharan Africa
	EUR	European Union
	ROW	Rest of the world /;

set ii	Commodities in the aggregation /
	agr	Agricultural products
	foo	Food products
	ext	Extractive industry
	lgt	Light manufacturing
	hvy	Heavy manufacturing
	tch	Technology-intensive manufacturing
	ser	Services /;

* agr: Paddy rice, Wheat, Cereal grains nec, Vegetables, fruit,
* nuts, Oil seeds, Sugar cane, sugar beet, Plant-based fibers,
* Crops nec, Bovine cattle, sheep and goats, horses, Animal
* products, Raw milk Wool silk-worm cocoons, Bovine cattle,
* sheep and goat, horse meat prods,

* foo: Meat products nec, Vegetable oils and fats, Dairy products,
* Processed rice, Sugar, Food products nec, Beverages and
* tobacco products

* ext: Forestry, Fishing, Coal, Oil, Gas, Minerals nec, Petroleum,
* coal products

* lgt: Textiles, Wearing apparel, Leather products, Wood products,

* hvy: Paper products, publishing, Chemical, rubber, plastic
* products, Mineral products nec, Ferrous metals, Metals nec,

* tch: Metal products, Motor vehicles and parts, Transport
* equipment nec, Electronic equipment, Machinery and equipment
* nec, Manufactures nec

* ser: Electricity, Gas manufacture, distribution, Water,
* Construction Trade, transport, Financial, business,
* recreational services, Public admin and defence, education,
* health, Dwellings & Svces

SET	MAPR(*,rr)	Mapping for regions /
	aus.row	Australia
	nzl.row	New Zealand
	xoc.row	Rest of Oceania
	chn.row	China
	hkg.row	Hong Kong
	jpn.row	Japan
	kor.row	Korea
	twn.row	Taiwan
	xea.row	Rest of East Asia
	idn.row	Indonesia
	mys.row	Malaysia
	phl.row	Philippines
	sgp.row	Singapore
	tha.row	Thailand
	vnm.row	Vietnam
	xse.row	Rest of Southeast Asia
	bgd.row	Bangladesh
	ind.row	India
	lka.row	Sri Lanka
	xsa.row	Rest of South Asia
	can.row	Canada
	usa.row	United States
	mex.row	Mexico
	xna.row	Rest of North America
	col.row	Colombia
	per.row	Peru
	ven.row	Venezuela
	xap.row	Rest of Andean Pact
	arg.row	Argentina
	bra.row	Brazil
	chl.row	Chile
	ury.row	Uruguay
	xsm.row	Rest of South America
	xca.row	Central America
	xfa.row	Rest of FTAA
	xcb.row	Rest of the Caribbean
	aut.row	Austria
	bel.eur	Belgium
	dnk.eur	Denmark
	fin.eur	Finland
	fra.eur	France
	deu.eur	Germany
	gbr.eur	United Kingdom
	grc.eur	Greece
	irl.eur	Ireland
	ita.eur	Italy
	lux.eur	Luxembourg
	nld.eur	Netherlands
	prt.eur	Portugal
	esp.eur	Spain
	swe.row	Sweden
	che.row	Switzerland
	xef.row	Rest of EFTA
	xer.row	Rest of Europe
	alb.row	Albania
	bgr.row	Bulgaria
	hrv.row	Croatia
	cyp.row	Cyprus
	cze.row	Czech Republic
	hun.row	Hungary
	mlt.row	Malta
	pol.row	Poland
	rom.row	Romania
	svk.row	Slovakia
	svn.row	Slovenia
	est.row	Estonia
	lva.row	Latvia
	ltu.row	Lithuania
	rus.row	Russian Federation
	xsu.row	Rest of Former Soviet Union
	tur.row	Turkey
	xme.row	Rest of Middle East
	mar.row	Morocco
	tun.row	Tunisia
	xnf.row	Rest of North Africa

	bwa.rsa	Botswana 
	zaf.saf	South Africa
	xsc.rsa	Rest of South African CU 
	mwi.rsa	Malawi
	moz.rsa	Mozambique
	tza.rss	Tanzania
	zmb.rsa	Zambia
	zwe.rsa	Zimbabwe
	xsd.rsa	Rest of SADC 
	mdg.rss	Madagascar
	uga.rss	Uganda
	xss.rss	Rest of Sub-Saharan Africa /;

SET eec /
	col	Coal
	cru	Crude oil
	gas	Natural gas,
	oil	Refined oil products,
	ele	Electricity /;

SET   ff   Factors of production /
	LND	Land,
	SKL	Skilled labor,
	LAB	Unskilled labor,
	CAP	Capital,
	RES	Natural resources /
	
set mapi(*,ii) /
	pdr.agr	"Paddy rice",
	wht.agr	"Wheat",
	gro.agr	"Cereal grains nec",
	v_f.agr	"Vegetables, fruit, nuts",
	osd.agr	"Oil seeds",
	c_b.agr	"Sugar cane, sugar beet",
	pfb.agr	"Plant-based fibers",
	ocr.agr	"Crops nec",
	ctl.agr	"Cattle,sheep,goats,horses",
	oap.agr	"Animal products nec",
	rmk.agr	"Raw milk",
	wol.agr	"Wool, silk-worm cocoons",
	frs.ext	"Forestry",
	fsh.ext	"Fishing",
	coa.ext	"Coal",
	oil.ext	"Oil",
	gas.ext	"Gas",
	omn.ext	"Minerals nec",
	cmt.agr	"Meat: cattle,sheep,goats,horse",
	omt.foo	"Meat products nec",
	vol.foo	"Vegetable oils and fats",
	mil.foo	"Dairy products",
	pcr.foo	"Processed rice",
	sgr.foo	"Sugar",
	ofd.foo	"Food products nec",
	b_t.foo	"Beverages and tobacco products",
	tex.lgt	"Textiles",
	wap.lgt	"Wearing apparel",
	lea.lgt	"Leather products",
	lum.lgt	"Wood products",
	ppp.lgt	"Paper products, publishing",
	p_c.ext	"Petroleum, coal products",
	crp.ext	"Chemical,rubber,plastic prods",
	nmm.ext	"Mineral products nec",
	i_s.hvy	"Ferrous metals",
	nfm.hvy	"Metals nec",
	fmp.tch	"Metal products",
	mvh.tch	"Motor vehicles and parts",
	otn.tch	"Transport equipment nec",
	ele.tch	"Electronic equipment",
	ome.tch	"Machinery and equipment nec",
	omf.tch	"Manufactures nec",
	ely.ser	"Electricity",
	gdt.ser	"Gas manufacture, distribution",
	wtr.ser	"Water",
	cns.ser	"Construction",
	trd.ser	"Trade",
	otp.ser	"Transport nec",
	wtp.ser	"Sea transport",
	atp.ser	"Air transport",
	cmn.ser	"Communication",
	ofi.ser	"Financial services nec",
	isr.ser	"Insurance",
	obs.ser	"Business services nec",
	ros.ser	"Recreation and other services",
	osg.ser	"PubAdmin/Defence/Health/Educat",
	dwe.ser	"Dwellings",
	cgds.ser	"Aggregate investment" /;

SET	mapf(*,ff)   Factors of production /
	Land.LND	Land,
	SkLab.SKL	Skilled labor,
	UnskLab.LAB	Unskilled labor,
	Capital.CAP	Capital,
	NatlRes.RES	Natural resources /


SET	mape(*,eec) /
	ecoa.col	Coal,
	eoil.cru	Crude oil,
	(egas,egdt).gas	Natural gas,
	ep_c.oil	Refined oil products,
	eely.ele	Electricity/;
