* Regional Mapping
set rr  Regions in the aggregation /

	USA	USA
        CAN	Canada			       				       
	MEX	Mexico			       			       
	BRA	Brazil			       			       
	LAM	Rest of Americas	       			       
	EUR	Europe			       			       
	RUS	Russia			       			       
	ROE	Rest of Europe and Central Asia			       
        CHN	China		     			     
	IND	India		     		     
	JPN	Japan		     		     
	ASI	Dynamic Asia	     		     
	REA	Rest of East Asia    		     
	ANZ	Australia and Oceania		     
        MES	Middle East
        AFE	Eastern Africa
        AFW	Western Africa
        AFS	Southern Africa
        AFN	Northern Africa
        AFC	Central Africa        
        KOR     South Korea
        IDZ     Indonesia

/;

SET mapr(r,rr) Mapping of GTAP Regions (from-to) 

/

BEN	.	afw	Benin
BFA	.	afw	Burkina Faso
BWA	.	afs	Botswana
CIV	.	afw	Cote d'Ivoire
CMR	.	afc	Cameroon
EGY	.	afn	Egypt
ETH	.	afe	Ethiopia
GHA	.	afw	Ghana
GIN	.	afw	Guinea
KEN	.	afe	Kenya
MAR	.	afn	Morocco
MDG	.	afe	Madagascar
MOZ	.	afs	Mozambique
MUS	.	afs	Mauritius
MWI	.	afs	Malawi
NAM	.	afs	Namibia
NGA	.	afw	Nigeria
RWA	.	afe	Rwanda
SEN	.	afw	Senegal
TGO	.	afw	Togo
TUN	.	afn	Tunisia
TZA	.	afe	Tanzania United Republic of
UGA	.	afe	Uganda
XAC	.	afs	South Central Africa
XCF	.	afc	Central Africa
XEC	.	afe	Rest of Eastern Africa
XNF	.	afn	Rest of North Africa
XSC	.	afs	Rest of South African Customs Union
XWF	.	afw	Rest of Western Africa
ZAF	.	afs	South Africa
ZMB	.	afs	Zambia
ZWE	.	afs	Zimbabwe
AUS	.	anz	Australia
NZL	.	anz	New Zealand
XOC	.	anz	Rest of Oceania
XTW	.	anz	Rest of the World
MYS	.	asi	Malaysia
PHL	.	asi	Philippines
SGP	.	asi	Singapore
THA	.	asi	Thailand
TWN	.	asi	Taiwan
BRA	.	bra	Brazil
CAN	.	can	Canada
CHN	.	chn	China
HKG	.	chn	Hong Kong
AUT	.	eur	Austria
BEL	.	eur	Belgium
BGR	.	eur	Bulgaria
CHE	.	eur	Switzerland
CYP	.	eur	Cyprus
CZE	.	eur	Czech Republic
DEU	.	eur	Germany
DNK	.	eur	Denmark
ESP	.	eur	Spain
EST	.	eur	Estonia
FIN	.	eur	Finland
FRA	.	eur	France
GBR	.	eur	United Kingdom
GRC	.	eur	Greece
HRV	.	eur	Croatia
HUN	.	eur	Hungary
IRL	.	eur	Ireland
ITA	.	eur	Italy
LTU	.	eur	Lithuania
LUX	.	eur	Luxembourg
LVA	.	eur	Latvia
MLT	.	eur	Malta
NLD	.	eur	Netherlands
NOR	.	eur	Norway
POL	.	eur	Poland
PRT	.	eur	Portugal
ROU	.	eur	Romania
SVK	.	eur	Slovakia
SVN	.	eur	Slovenia
SWE	.	eur	Sweden
XEF	.	eur	Rest of EFTA
IDN	.	idz	Indonesia
IND	.	ind	India
JPN	.	jpn	Japan
KOR	.	kor	Korea Republic of
ARG	.	lam	Argentina
BOL	.	lam	Plurinational Republic of Bolivia
CHL	.	lam	Chile
COL	.	lam	Colombia
CRI	.	lam	Costa Rica
DOM	.	lam	Dominican Republic
ECU	.	lam	Ecuador
GTM	.	lam	Guatemala
HND	.	lam	Honduras
JAM	.	lam	Jamaica
NIC	.	lam	Nicaragua
PAN	.	lam	Panama
PER	.	lam	Peru
PRI	.	lam	Puerto Rico
PRY	.	lam	Paraguay
SLV	.	lam	El Salvador
TTO	.	lam	Trinidad and Tobago
URY	.	lam	Uruguay
VEN	.	lam	Venezuela
XCA	.	lam	Rest of Central America
XCB	.	lam	Caribbean
XNA	.	lam	Rest of North America
XSM	.	lam	Rest of South America
ARE	.	mes	United Arab Emirates
BHR	.	mes	Bahrain
IRN	.	mes	Iran Islamic Republic of
ISR	.	mes	Israel
JOR	.	mes	Jordan
KWT	.	mes	Kuwait
OMN	.	mes	Oman
QAT	.	mes	Qatar
SAU	.	mes	Saudi Arabia
XWS	.	mes	Rest of Western Asia
MEX	.	mex	Mexico
BGD	.	rea	Bangladesh
BRN	.	rea	Brunei
KHM	.	rea	Cambodia
LAO	.	rea	Lao People's Democratic Republic
LKA	.	rea	Sri Lanka
MNG	.	rea	Mongolia
NPL	.	rea	Nepal
PAK	.	rea	Pakistan
VNM	.	rea	Viet Nam
XEA	.	rea	Rest of East Asia
XSA	.	rea	Rest of South Asia
XSE	.	rea	Rest of Southeast Asia
ALB	.	roe	Albania
ARM	.	roe	Armenia
AZE	.	roe	Azerbaijan
BLR	.	roe	Belarus
GEO	.	roe	Georgia
KAZ	.	roe	Kazakhstan
KGZ	.	roe	Kyrgyzstan
TUR	.	roe	Turkey
UKR	.	roe	Ukraine
XEE	.	roe	Rest of Eastern Europe
XER	.	roe	Rest of Europe
XSU	.	roe	Rest of Former Soviet Union
RUS	.	rus	Russian Federation
USA	.	usa	United States of America

/;

* Sectoral Mapping

*alias (i,ii);
*SET mapi(i,ii)  Mapping for sectors and goods;
*mapi(i,i) = yes;

set ii Sectors and goods in aggregate model /
	crop	Agriculture - crops		
	live	Agriculture - livestock		
	fors	Agriculture - forestry		
	food	Food products			
	coal	Coal				
	oil     Crude Oil			
	roil	Refined Oil			
	gas     Gas				
	elec	Electricity			
	eint	Energy-intensive Industries	
	othr	Other Industries		
	serv	Services			
	tran	Transport                       
        dwe     Ownership of dwellings
*	cgd	Savings Good 
/;

SET mapi(*,ii)  Mapping for sectors and goods /

PDR.crop  paddy rice                                     	 
WHT.crop  wheat                                          	 
GRO.crop  cereal grains nec                              	 
V_F.crop  vegetables - fruit - nuts                        	 
OSD.crop  oil seeds                                      	 
C_B.crop  sugar cane - sugar beet                         	 
PFB.crop  plant-based fibers                             	 
OCR.crop  crops nec                                      	 
CTL.live  bo horses         					 
OAP.live  animal products nec                            	 
RMK.live  raw milk                                       	 
WOL.live  wool - silk-worm cocoons                        	 
FRS.fors  forestry                                       	 
FSH.live  fishing                                        	 
COA.coal  coal                                           	 
OIL.oil   oil                                            	 
GAS.gas   gas                                            	 
OMN.othr  minerals nec                                   	 
CMT.food  bo meat products    					 
OMT.food  meat products                                  	 
VOL.food  vegetable oils and fats                        	 
** bio-diesel is included in VOL
MIL.food  dairy products                                 	 
PCR.food  processed rice                                 	 
SGR.food  sugar                                          	 
OFD.food  food products nec                              	 
** corn ethanol eth1 is included in OFD
B_T.food  beverages and tobacco products                 	 
TEX.othr  textiles                                       	 
WAP.othr  wearing apparel                                	 
LEA.othr  leather products                               	 
LUM.othr  wood products                                  	 
PPP.eint  paper products - publishing                     	 
P_C.roil  petroleum - coal products                       	 
CRP.eint  chemical - rubber - plastic products
** sugarcane ethanol is included in CRP             	 
NMM.eint  mineral products nec                           	 
I_S.eint  ferrous metals                                 	 
NFM.eint  metals nec                                     	 
FMP.eint  metal products                                 	 
MVH.othr  motor vehicles and parts                       	 
OTN.othr  transport equipment nec                        	 
ELE.othr  electronic equipment                           	 
OME.othr  machinery and equipment nec                    	 
OMF.othr  manufactures nec                               	 
ELY.elec  electricity                                    	 
GDT.gas   gas manufacture - distribution                  	 
WTR.othr  water                                          	 
CNS.othr  construction                                   	 
TRD.serv  trade                                          	 
OTP.tran  transport nec                                  	 
WTP.tran  water transport                                	 
ATP.tran  air transport                                  	 
CMN.serv  communication                                  	 
OFI.serv  financial services nec                         	 
ISR.serv  insurance                                      	 
OBS.serv  business services nec                          	 
ROS.serv  recreational and other services                	 
OSG.serv  public admin - and defence - education - health   	 
DWE.dwe   ownership of dwellings
*DWE.othr  ownership of dwellings 				 
*CGDS.cgd  Savings good                                          
/;  

* Note: (YHC: 20131121)
* VOL.food  vegetable oils and fats                        	 
** bio-diesel is included in VOL

* OFD.food  food products nec                              	 
** corn ethanol eth1 is included in OFD

* CRP.eint  chemical - rubber - plastic products
** sugarcane ethanol is included in CRP  

*alias (f,ff);
*SET mapf(f,ff)	Mapping of factors;
*mapf(f,f) = yes;

SET   ff   Factors of production 
        /
	lnd	Land,
	lab	Labor,
	cap	Capital,
	fix	Natural resources 
        /;

*set ff  /
*	mgr	Officials and Mangers legislators (ISCO-88 Major Groups 1-2), 
*	tec	Technicians technicians and associate professionals
*	clk	Clerks
*	srv	Service and market sales workers
*	lab	Agricultural and unskilled workers (Major Groups 6-9)
*	lnd     Land,    
*	cap     Capital,    
*	res     Natural resources /;

*SET	mapf(*,ff)   Factors of production 
*        /
*	Land.lnd	Land,
*	SkLab.lab	Skilled labor,
*	UnskLab.lab	Unskilled labor,
*	Capital.cap	Capital,
*	NatlRes.fix	Natural resources 
*        /;

*set mapf(*,*) /
*	off_mgr_pros.mgr	Officials and Mangers legislators (ISCO-88 Major Groups 1-2), 
*	tech_aspros.tec		Technicians technicians and associate professionals
*	clerks.clk		Clerks
*	service_shop.srv	Service and market sales workers,
*	ag_othlowsk.lab		Agricultural and unskilled workers (Major Groups 6-9)
*	Land.lnd		Land,    
*	Capital.cap		Capital,    
*	NatlRes.res		Natural resources/;

set mapf(*,*) /
	off_mgr_pros.lab	Officials and Mangers legislators (ISCO-88 Major Groups 1-2), 
	tech_aspros.lab		Technicians technicians and associate professionals
	clerks.lab		Clerks
	service_shop.lab	Service and market sales workers,
	ag_othlowsk.lab		Agricultural and unskilled workers (Major Groups 6-9)
	Land.lnd		Land,    
	Capital.cap		Capital,    
	NatlRes.fix		Natural resources/;

SET eec energy commodities
        /
	coal	Coal
	oil	Crude oil
	gas	Natural gas,
	roil	Refined oil products,
	elec	Electricity 
        /;

SET	mape(*,eec) 
        /
	ecoa.coal	Coal,
	eoil.oil	Crude oil,
	(egas,egdt).gas	Natural gas,
	ep_c.roil	Refined oil products,
	eely.elec	Electricity
        /;
