* Regional Mapping
set rr  Regions in the aggregation /

        TWN     Taiwan
        ROW     Rest of World
/;

SET mapr(r,rr) Mapping of GTAP Regions (from-to) 

/

ALB	.	ROW	Albania
ARE	.	ROW	United Arab Emirates
ARG	.	ROW	Argentina
ARM	.	ROW	Armenia
AUS	.	ROW	Australia
AUT	.	ROW	Austria
AZE	.	ROW	Azerbaijan
BEL	.	ROW	Belgium
BGD	.	ROW	Bangladesh
BGR	.	ROW	Bulgaria
BHR	.	ROW	Bahrain
BLR	.	ROW	Belarus
BOL	.	ROW	Plurinational Republic of Bolivia
BRA	.	ROW	Brazil
BWA	.	ROW	Botswana
CAN	.	ROW	Canada
CHE	.	ROW	Switzerland
CHL	.	ROW	Chile
CHN	.	ROW	China
CIV	.	ROW	Cote d'Ivoire
CMR	.	ROW	Cameroon
COL	.	ROW	Colombia
CRI	.	ROW	Costa Rica
CYP	.	ROW	Cyprus
CZE	.	ROW	Czech Republic
DEU	.	ROW	Germany
DNK	.	ROW	Denmark
ECU	.	ROW	Ecuador
EGY	.	ROW	Egypt
ESP	.	ROW	Spain
EST	.	ROW	Estonia
ETH	.	ROW	Ethiopia
FIN	.	ROW	Finland
FRA	.	ROW	France
GBR	.	ROW	United Kingdom
GEO	.	ROW	Georgia
GHA	.	ROW	Ghana
GRC	.	ROW	Greece
GTM	.	ROW	Guatemala
HKG	.	ROW	Hong Kong
HND	.	ROW	Honduras
HRV	.	ROW	Croatia
HUN	.	ROW	Hungary
IDN	.	ROW	Indonesia
IND	.	ROW	India
IRL	.	ROW	Ireland
IRN	.	ROW	Iran Islamic Republic of
ISR	.	ROW	Israel
ITA	.	ROW	Italy
JPN	.	ROW	Japan
KAZ	.	ROW	Kazakhstan
KEN	.	ROW	Kenya
KGZ	.	ROW	Kyrgyzstan
KHM	.	ROW	Cambodia
KOR	.	ROW	Korea Republic of
KWT	.	ROW	Kuwait
LAO	.	ROW	Lao People's Democratic Republic
LKA	.	ROW	Sri Lanka
LTU	.	ROW	Lithuania
LUX	.	ROW	Luxembourg
LVA	.	ROW	Latvia
MAR	.	ROW	Morocco
MDG	.	ROW	Madagascar
MEX	.	ROW	Mexico
MLT	.	ROW	Malta
MNG	.	ROW	Mongolia
MOZ	.	ROW	Mozambique
MUS	.	ROW	Mauritius
MWI	.	ROW	Malawi
MYS	.	ROW	Malaysia
NAM	.	ROW	Namibia
NGA	.	ROW	Nigeria
NIC	.	ROW	Nicaragua
NLD	.	ROW	Netherlands
NOR	.	ROW	Norway
NPL	.	ROW	Nepal
NZL	.	ROW	New Zealand
OMN	.	ROW	Oman
PAK	.	ROW	Pakistan
PAN	.	ROW	Panama
PER	.	ROW	Peru
PHL	.	ROW	Philippines
POL	.	ROW	Poland
PRT	.	ROW	Portugal
PRY	.	ROW	Paraguay
QAT	.	ROW	Qatar
ROU	.	ROW	Romania
RUS	.	ROW	Russian Federation
SAU	.	ROW	Saudi Arabia
SEN	.	ROW	Senegal
SGP	.	ROW	Singapore
SLV	.	ROW	El Salvador
SVK	.	ROW	Slovakia
SVN	.	ROW	Slovenia
SWE	.	ROW	Sweden
THA	.	ROW	Thailand
TUN	.	ROW	Tunisia
TUR	.	ROW	Turkey
TWN	.	TWN	Taiwan
TZA	.	ROW	Tanzania United Republic of
UGA	.	ROW	Uganda
UKR	.	ROW	Ukraine
URY	.	ROW	Uruguay
USA	.	ROW	United States of America
VEN	.	ROW	Venezuela
VNM	.	ROW	Viet Nam
XAC	.	ROW	South Central Africa
XCA	.	ROW	Rest of Central America
XCB	.	ROW	Caribbean
XCF	.	ROW	Central Africa
XEA	.	ROW	Rest of East Asia
XEC	.	ROW	Rest of Eastern Africa
XEE	.	ROW	Rest of Eastern Europe
XEF	.	ROW	Rest of EFTA
XER	.	ROW	Rest of Europe
XNA	.	ROW	Rest of North America
XNF	.	ROW	Rest of North Africa
XOC	.	ROW	Rest of Oceania
XSA	.	ROW	Rest of South Asia
XSC	.	ROW	Rest of South African Customs Union
XSE	.	ROW	Rest of Southeast Asia
XSM	.	ROW	Rest of South America
XSU	.	ROW	Rest of Former Soviet Union
XTW	.	ROW	Rest of the World
XWF	.	ROW	Rest of Western Africa
XWS	.	ROW	Rest of Western Asia
ZAF	.	ROW	South Africa
ZMB	.	ROW	Zambia
ZWE	.	ROW	Zimbabwe
		
/;

* Sectoral Mapping

*alias (i,ii);
*SET mapi(i,ii)  Mapping for sectors and goods;
*mapi(i,i) = yes;

set ii Sectors and goods in aggregate model /
	crop	Agriculture - crops		
	live	Agriculture - livestock		
	fors	Agriculture - forestry		
	food	Food products			
	coal	Coal				
	oil     Crude Oil			
	roil	Refined Oil			
	gas     Gas				
	elec	Electricity			
	eint	Energy-intensive Industries	
	othr	Other Industries		
	serv	Services			
	tran	Transport                       
        dwe     Ownership of dwellings
*	cgd	Savings Good 
/;

SET mapi(*,ii)  Mapping for sectors and goods /

PDR.crop  paddy rice                                     	 
WHT.crop  wheat                                          	 
GRO.crop  cereal grains nec                              	 
V_F.crop  vegetables - fruit - nuts                        	 
OSD.crop  oil seeds                                      	 
C_B.crop  sugar cane - sugar beet                         	 
PFB.crop  plant-based fibers                             	 
OCR.crop  crops nec                                      	 
CTL.live  bo horses         					 
OAP.live  animal products nec                            	 
RMK.live  raw milk                                       	 
WOL.live  wool - silk-worm cocoons                        	 
FRS.fors  forestry                                       	 
FSH.live  fishing                                        	 
COA.coal  coal                                           	 
OIL.oil   oil                                            	 
GAS.gas   gas                                            	 
OMN.othr  minerals nec                                   	 
CMT.food  bo meat products    					 
OMT.food  meat products                                  	 
VOL.food  vegetable oils and fats                        	 
** bio-diesel is included in VOL
MIL.food  dairy products                                 	 
PCR.food  processed rice                                 	 
SGR.food  sugar                                          	 
OFD.food  food products nec                              	 
** corn ethanol eth1 is included in OFD
B_T.food  beverages and tobacco products                 	 
TEX.othr  textiles                                       	 
WAP.othr  wearing apparel                                	 
LEA.othr  leather products                               	 
LUM.othr  wood products                                  	 
PPP.eint  paper products - publishing                     	 
P_C.roil  petroleum - coal products                       	 
CRP.eint  chemical - rubber - plastic products
** sugarcane ethanol is included in CRP             	 
NMM.eint  mineral products nec                           	 
I_S.eint  ferrous metals                                 	 
NFM.eint  metals nec                                     	 
FMP.eint  metal products                                 	 
MVH.othr  motor vehicles and parts                       	 
OTN.othr  transport equipment nec                        	 
ELE.othr  electronic equipment                           	 
OME.othr  machinery and equipment nec                    	 
OMF.othr  manufactures nec                               	 
ELY.elec  electricity                                    	 
GDT.gas   gas manufacture - distribution                  	 
WTR.othr  water                                          	 
CNS.othr  construction                                   	 
TRD.serv  trade                                          	 
OTP.tran  transport nec                                  	 
WTP.tran  water transport                                	 
ATP.tran  air transport                                  	 
CMN.serv  communication                                  	 
OFI.serv  financial services nec                         	 
ISR.serv  insurance                                      	 
OBS.serv  business services nec                          	 
ROS.serv  recreational and other services                	 
OSG.serv  public admin - and defence - education - health   	 
DWE.dwe   ownership of dwellings
*DWE.othr  ownership of dwellings 				 
*CGDS.cgd  Savings good                                          
/;  

* Note: (YHC: 20131121)
* VOL.food  vegetable oils and fats                        	 
** bio-diesel is included in VOL

* OFD.food  food products nec                              	 
** corn ethanol eth1 is included in OFD

* CRP.eint  chemical - rubber - plastic products
** sugarcane ethanol is included in CRP  

*alias (f,ff);
*SET mapf(f,ff)	Mapping of factors;
*mapf(f,f) = yes;

SET   ff   Factors of production 
        /
	lnd	Land,
	lab	Labor,
	cap	Capital,
	fix	Natural resources 
        /;


SET	mapf(*,ff)   Factors of production 
        /
	Land.lnd	Land,
	SkLab.lab	Skilled labor,
	UnskLab.lab	Unskilled labor,
	Capital.cap	Capital,
	NatlRes.fix	Natural resources 
        /;

SET eec energy commodities
        /
	coal	Coal
	oil	Crude oil
	gas	Natural gas,
	roil	Refined oil products,
	elec	Electricity 
        /;

SET	mape(*,eec) 
        /
	ecoa.coal	Coal,
	eoil.oil	Crude oil,
	(egas,egdt).gas	Natural gas,
	ep_c.roil	Refined oil products,
	eely.elec	Electricity
        /;
