
set rr  Regions in the aggregation /

	ARG	Argentina
	ANZ	Australia and New Zealand
	BRA	Brazil
	CAN	Canada
	CHN	China and Hong Kong
	FRA	France
	DEU	Germany
	IND	India
	IDN	Indonesia
	ITA	Italy
	JPN	Japan
	MEX	Mexico
	RUS	Russia
	SAU	Saudi Arabia
	ZAF	South Africa
	KOR	Korea
	TUR	Turkey
	GBR	United Kingdom
	USA	United States
	REU	European Union (excluding FRA - DEU - GBR - ITA)

	LIC	Other low income countries
	MIC	Other Middle income countries

/;

SET mapr(r,rr) Mapping of GTAP Regions (from-to) /
	ARG.ARG	Argentina
	BRA.BRA	Brazil
	CAN.CAN	Canada
	FRA.FRA	France
	DEU.DEU	Germany
	ITA.ITA	Italy
	JPN.JPN	Japan
	MEX.MEX	Mexico
	RUS.RUS	Russia
	SAU.SAU	Saudi Arabia
	IND.IND	India
	IDN.IDN	Indonesia
	ZAF.ZAF	South Africa
	KOR.KOR	Korea
	TUR.TUR	Turkey
	GBR.GBR	United Kingdom
	USA.USA	United States

$onembedded
$eolcom !

	( 	! China including Hong Kong
		CHN	!	China
		HKG	!	Hong Kong
	).CHN	

	(	 ! Australia and New Zealand
		AUS	!	Australia
		NZL	!	New Zealand
	).ANZ,

	(	! Rest of Europe
		AUT	!	Austria
		BEL	!	Belgium
		DNK	!	Denmark
		FIN	!	Finland
		GRC	!	Greece
		IRL	!	Ireland
		LUX	!	Luxembourg
		NLD	!	Netherlands
		PRT	!	Portugal
		ESP	!	Spain
		SWE	!	Sweden
		CZE	!	Czech Republic
		HUN	!	Hungary
		MLT	!	Malta
		POL	!	Poland
		ROU	!	Romania
		SVK	!	Slovakia
		SVN	!	Slovenia
		EST	!	Estonia
		LVA	!	Latvia
		LTU	!	Lithuania
		BGR	!	Bulgaria
		CYP	!	Cyprus

		CHE	!	Switzerland
		NOR	!	Norway
		XEF	!	Rest of EFTA
		XER	!	Rest of Europe
*			- Andorra
*			- Bosnia and Herzegovina
*			- Faroe Islands
*			- Gibraltar
*			- Macedonia, the former Yugoslav Republic of
*			- Monaco
*			- San Marino
*			- Serbia and Montenegro
*			- Iceland
*			- Liechtenstein

	).REU,

	KHM.LIC		!	Cambodia
	LAO.LIC		!	Lao People's Democratic Republic
	BGD.LIC		!	Bangladesh
	XSA.LIC		!	Rest of South Asia
	KGZ.LIC		!	Kyrgyzstan
	XWF.LIC		!	Rest of Western Africa
	XCF.LIC		!	Rest of Central Africa
	XAC.LIC		!	Rest of South Central Africa
	KEN.LIC		!	Kenya
	ETH.LIC		!	Ethiopia
	MDG.LIC		!	Madagascar
	MWI.LIC		!	Malawi
	MOZ.LIC		!	Mozambique
	TZA.LIC		!	Tanzania
	UGA.LIC		!	Uganda
	ZMB.LIC		!	Zambia
	ZWE.LIC		!	Zimbabwe
	XEC.LIC		!	Rest of Eastern Africa


	MYS.MIC		!	Malaysia
	XOC.MIC		!	Rest of Oceania
	TWN.MIC		!	Taiwan
	XEA.MIC		!	Rest of East Asia
	PHL.MIC		!	Philippines
	SGP.MIC		!	Singapore
	THA.MIC		!	Thailand
	VNM.MIC		!	Vietnam
	XSE.MIC		!	Rest of Southeast Asia
	PAK.MIC		!	Pakistan
	LKA.MIC		!	Sri Lanka
	XNA.MIC		!	Rest of North America
	BOL.MIC		!	Bolivia
	CHL.MIC		!	Chile
	COL.MIC		!	Colombia
	ECU.MIC		!	Ecuador
	PRY.MIC		!	Paraguay
	PER.MIC		!	Peru
	URY.MIC		!	Uruguay
	VEN.MIC		!	Venezuela
	XSM.MIC		!	Rest of South America
	CRI.MIC		!	Costa Rica
	GTM.MIC		!	Guatemala
	NIC.MIC		!	Nicaragua
	PAN.MIC		!	Panama
	XCA.MIC		!	Rest of Central America
	XCB.MIC		!	Caribbean
	ALB.MIC		!	Albania
	BLR.MIC		!	Belarus
	HRV.MIC		!	Croatia
	UKR.MIC		!	Ukraine
	XEE.MIC		!	Rest of Eastern Europe
	KAZ.MIC		!	Kazakhstan
	XSU.MIC		!	Rest of Former Soviet Union
	ARM.MIC		!	Armenia
	AZE.MIC		!	Azerbaijan
	GEO.MIC		!	Georgia
	IRN.MIC		!	Iran, Islamic Republic of
	EGY.MIC		!	Egypt
	MAR.MIC		!	Morocco
	TUN.MIC		!	Tunisia
	XNF.MIC		!	Rest of North Africa
	NGA.MIC		!	Nigeria
	SEN.MIC		!	Senegal
	MUS.MIC		!	Mauritius
	BWA.MIC		!	Botswana
	XSC.MIC		!	Rest of South African Customs Union 

	OMN.MIC		!	Oman
	ISR.MIC		!	Israel
	MNG.MIC		!	Mongolia
	NPL.MIC		!	Nepal
	HND.MIC		!	Honduras
	SLV.MIC		!	El Salvador
	BHR.MIC		!	Bahrain
	KWT.MIC		!	Kuwait
	QAT.MIC		!	Qatar
	ARE.MIC		!	United Arab Emirates
	XWS.MIC		!	Rest of Western Asia
	CMR.MIC		!	Cameroon
	CIV.MIC		!	Cote d'Ivoire
	GHA.MIC		!	Ghana
	NAM.MIC		!	Namibia

	XTW.MIC		!	Rest of the World 

	BRN.MIC		!	Brunei Darussalam
	DOM.MIC		!	Dominican Republic
	JAM.MIC		!	Jamaica
	PRI.MIC		!	Puerto Rico
	TTO.LIC		!	Trinidad and Tobago
	JOR.LIC		!	Jordan
	BEN.LIC		!	Benin
	BFA.LIC		!	Burkina Faso
	GIN.LIC		!	Guinea
	TGO.LIC		!	Togo
	RWA.LIC		!	Rwanda

	/;


set ii /
	PDR	"Paddy rice",
	WHT	"Wheat",
	GRO	"Cereal grains nec",
	V_F	"Vegetables, fruit, nuts",
	OSD	"Oil seeds",
	C_B	"Sugar cane, sugar beet",
	PFB	"Plant-based fibers",
	OCR	"Crops nec",
	CTL	"Bovine cattle, sheep and goats, horses",
	OAP	"Animal products nec",
	RMK	"Raw milk",
	WOL	"Wool, silk-worm cocoons",
	FRS	"Forestry",
	FSH	"Fishing",
	COL	"Coal",
	CRU	"Crude Oil",
	GAS	"Gas",
	OMN	"Minerals nec",
	CMT	"Bovine meat products",
	OMT	"Meat products nec",
	VOL	"Vegetable oils and fats",
	MIL	"Dairy products",
	PCR	"Processed rice",
	SGR	"Sugar",
	OFD	"Food products nec",
	B_T	"Beverages and tobacco products",
	TEX	"Textiles",
	WAP	"Wearing apparel",
	LEA	"Leather products",
	LUM	"Wood products",
	PPP	"Paper products, publishing",
	OIL	"Petroleum, coal products",
	CRP	"Chemical, rubber, plastic products",
	NMM	"Mineral products nec",
	I_S	"Ferrous metals",
	NFM	"Metals nec",
	FMP	"Metal products",
	MVH	"Motor vehicles and parts",
	OTN	"Transport equipment nec",
	EEQ	"Electronic equipment",
	OME	"Machinery and equipment nec",
	OMF	"Manufactures nec",
	ELE	"Electricity",
	GDT	"Gas manufacture, distribution",
	WTR	"Water",
	CNS	"Construction",
	TRD	"Trade",
	OTP	"Transport nec",
	WTP	"Water transport",
	ATP	"Air transport",
	CMN	"Communication",
	OFI	"Financial services nec",
	ISR	"Insurance",
	OBS	"Business services nec",
	ROS	"Recreational and other services",
	OSG	"Public Administration, Defense, Education, Health",
	DWE	"Dwellings" /;

SET mapi(i,ii)  Mapping for sectors and goods;
mapi(i,ii) = yes$sameas(i,ii);
abort$(card(i)<>card(ii))	"Error: card(i)<>card(ii).";
abort$(card(mapi)<>card(i))	"Error: card(mapi)<>card(i).";

set ff /
	skl	Skilled workers,
	lab	Agricultural and unskilled workers,
	lnd     Land,    
	cap     Capital,    
	res     Natural resources /;

set mapf(f,ff) /
	mgr.skl	Officials and Mangers legislators (ISCO-88 Major Groups 1-2), 
	tec.skl	Technicians technicians and associate professionals
	clk.skl	Clerks
	srv.lab	Service and market sales workers
	lab.lab	Agricultural and unskilled workers (Major Groups 6-9)
	lnd.lnd Land,    
	cap.cap Capital,    
	res.res Natural resources /;

abort$(card(mapf)<>card(f))	"Error: card(mapf)<>card(f).";
