set rr  Regions in the aggregation /

	ANZ	Australia and New Zealand
	ARG	Argentina	  
	BRA	Brazil		  
	CAN	Canada		  
	CHN	China and Hong Kong
	FRA	France		  
	DEU	Germany		  
	IND	India		  
	IDN	Indonesia	  
	ITA	Italy		  
	JPN	Japan		  
	MEX	Mexico		  
	RUS	Russian Federation
	XWS	Western Asia      
	ZAF	South Africa
	KOR	South Korea
	TUR	Turkey
	GBR	United Kingdom
	USA	United States
	REU	Rest of Europe

	LIC	Low income countries
	MIC	Middle income countries

/;

set	ii	Goods in the IEA classification /
	GAS	Natural gas works,
	OIL	Refined oil products,
	COL	Coal transformation,
	CRU	Crude oil,
	ELE	Electricity and heat,

	EIT	Energy-intensive and trade-exposed,
	TRN	Transport

	AOG	All other goods /;

SET mapi(i,ii)  Mapping for sectors and goods/
	(gas,gdt).GAS	! Natural gas works
	ele.ELE	! Electricity and heat 
	oil.OIL	! Refined oil products
	col.COL	! Coal transformation
	cru.CRU	! Crude oil

	i_s.EIT	! Iron and steel industry (IRONSTL)
	crp.EIT	! Chemical industry (CHEMICAL)
	nfm.EIT	! Non-ferrous metals (NONFERR)
	nmm.EIT	! Non-metallic minerals (NONMET)

	OTP.TRN	! Transport nec,
	WTP.TRN	! Water transport,
	ATP.TRN	! Air transport
/;

mapi(i,"aog") = yes$(sum(ii$mapi(i,ii),1) = 0);

alias (f,ff);
SET mapf(f,ff)	Mapping of factors;
mapf(f,f) = yes;

SET mapr(r,rr) Mapping of GTAP Regions (from-to) /
	ARG.ARG	Argentina
	BRA.BRA	Brazil	
	CAN.CAN	Canada
	FRA.FRA	France
	DEU.DEU	Germany
	IND.IND	India
	IDN.IDN	Indonesia
	ITA.ITA	Italy
	JPN.JPN	Japan
	MEX.MEX Mexico
	RUS.RUS	Russian Federation
	XWS.XWS	Western Asia
*	        Rest of Western Asia
*	        	- Bahrain
*	        	- Iraq
*	        	- Israel
*	        	- Jordan
*	        	- Kuwait
*	        	- Lebanon
*	        	- Palestinian Territory, Occupied
*	        	- Oman
*	        	- Qatar
*	        	- Saudi Arabia
*	        	- Syrian Arab Republic
*	        	- United Arab Emirates
*	        	- Yemen
	ZAF.ZAF	South Africa
	KOR.KOR Korea
	TUR.TUR Turkey
	GBR.GBR	United Kingdom	
	USA.USA	United States of America

$onembedded
$eolcom !
	(	! Rest of Europe
		AUT	!	Austria
		BEL	!	Belgium
		DNK	!	Denmark
		FIN	!	Finland
		GRC	!	Greece
		IRL	!	Ireland
		LUX	!	Luxembourg
		NLD	!	Netherlands
		PRT	!	Portugal
		ESP	!	Spain
		SWE	!	Sweden
		CZE	!	Czech Republic
		HUN	!	Hungary
		MLT	!	Malta
		POL	!	Poland
		ROU	!	Romania
		SVK	!	Slovakia
		SVN	!	Slovenia
		EST	!	Estonia
		LVA	!	Latvia
		LTU	!	Lithuania
		BGR	!	Bulgaria
		CYP	!	Cyprus

		CHE	!	Switzerland
		NOR	!	Norway
		XEF	!	Rest of EFTA
		XER	!	Rest of Europe
*			- Andorra
*			- Bosnia and Herzegovina
*			- Faroe Islands
*			- Gibraltar
*			- Macedonia, the former Yugoslav Republic of
*			- Monaco
*			- San Marino
*			- Serbia and Montenegro
*			- Iceland
*			- Liechtenstein

	).REU,

	( 	! China including Hong Kong
		CHN	!	China
		HKG	!	Hong Kong
	).CHN	

	(	 ! Australia and New Zealand
		AUS	!	Australia
		NZL	!	New Zealand
	).ANZ,

*	Rest of world

	MYS.MIC	!  Malaysia
	XOC.MIC	!  Rest of Oceania
*			- American Samoa
*			- Cook Islands
*			- Fiji
*			- French Polynesia
*			- Guam
*			- Kiribati
*			- Marshall Islands
*			- Micronesia, Federated States of
*			- Nauru
*			- New Caledonia
*			- Norfolk Island
*			- Northern Mariana Islands
*			- Niue
*			- Palau
*			- Papua New Guinea
*			- Samoa
*			- Solomon Islands
*			- Tokelau
*			- Tonga
*			- Tuvalu
*			- Vanuatu
*			- Island of Wallis and Futuna
	TWN.MIC	!	Taiwan
	XEA.MIC	!	Rest of East Asia
*			- Macau
*			- Mongolia
*			- Korea, Democratic Republic of
	KHM.LIC		!	Cambodia
	LAO.LIC		!	Lao People's Democratic Republic
	PHL.MIC		!	Philippines
	SGP.MIC		!	Singapore
	THA.MIC		!	Thailand
	VNM.MIC		!	Vietnam
	XSE.MIC		!	Rest of Southeast Asia
*			- Brunei Darassalam
*			- Timor Leste
	BGD.LIC		!	Bangladesh
	PAK.MIC		!	Pakistan
	LKA.MIC		!	Sri Lanka
	XSA.LIC		!	Rest of South Asia
*			- Myanmar
*			- Afghanistan
*			- Bhutan
*			- Maldives
*			- Nepal
	XNA.MIC		!	Rest of North America
*			- Bermuda
*			- Greenland
*			- Saint Pierre and Miquelon
	BOL.MIC		!	Bolivia
	CHL.MIC		!	Chile
	COL.MIC		!	Colombia
	ECU.MIC		!	Ecuador
	PRY.MIC		!	Paraguay
	PER.MIC		!	Peru
	URY.MIC		!	Uruguay
	VEN.MIC		!	Venezuela
	XSM.MIC		!	Rest of South America
*			- Falkland Islands (Malvinas)
*			- French Guiana
*			- Guyana
*			- Suriname
	CRI.MIC		!	Costa Rica
	GTM.MIC		!	Guatemala
	NIC.MIC		!	Nicaragua
	PAN.MIC		!	Panama
	XCA.MIC		!	Rest of Central America
*			- Belize
*			- El Salvador
*			- Honduras
	XCB.MIC		!	Caribbean
*			- Saint Vincent and the Grenadines
*			- Trinidad and Tobago
*			- Turks and Caicos
*			- Anguilla
*			- Antigua & Barbuda
*			- Aruba
*			- Bahamas
*			- Barbados
*			- Cayman Islands
*			- Cuba
*			- Dominica
*			- Dominican Republic
*			- Grenada
*			- Guadeloupe
*			- Haiti
*			- Jamaica
*			- Martinique
*			- Montserrat
*			- Netherlands Antilles
*			- Puerto Rico
*			- Saint Kitts and Nevis
*			- Saint Lucia
*			- Virgin Islands, British
*			- Virgin Islands, U.S.
	ALB.MIC		!	Albania
	BLR.MIC		!	Belarus
	HRV.MIC		!	Croatia
	UKR.MIC		!	Ukraine
	XEE.MIC		!	Rest of Eastern Europe
*			- Moldova, Republic of
	KAZ.MIC		!	Kazakhstan
	KGZ.LIC		!	Kyrgyzstan
	XSU.MIC		!	Rest of Former Soviet Union
*			- Tajikistan
*			- Turkmenistan
*			- Uzbekistan
	ARM.MIC		!	Armenia
	AZE.MIC		!	Azerbaijan
	GEO.MIC		!	Georgia
	IRN.MIC		!	Iran, Islamic Republic of

	EGY.MIC		!	Egypt
	MAR.MIC		!	Morocco
	TUN.MIC		!	Tunisia
	XNF.MIC		!	Rest of North Africa
*			- Algeria
*			- Libyan Arab Jamahiriya
	NGA.MIC		!	Nigeria
	SEN.MIC		!	Senegal
	XWF.LIC		!	Rest of Western Africa
*			- Benin
*			- Burkina Faso
*			- Cape Verde
*			- Cote d'Ivoire
*			- Gambia
*			- Ghana
*			- Guinea
*			- Guinea-Bissau
*			- Liberia
*			- Mali
*			- Mauritania
*			- Niger
*			- Saint Helena
*			- Sierra Leone
*			- Togo
	XCF.LIC		!	Rest of Central Africa
*			- Cameroon
*			- Central African Republic
*			- Chad
*			- Congo
*			- Equatorial Guinea
*			- Gabon
*			- Sao Tome and Principe
	XAC.LIC		!	Rest of South Central Africa
*			- Angola
*			- Congo, Democratic Republic of the
	ETH.LIC		!	Ethiopia
	MDG.LIC		!	Madagascar
	MWI.LIC		!	Malawi
	MUS.MIC		!	Mauritius
	MOZ.LIC		!	Mozambique
	TZA.LIC		!	Tanzania
	UGA.LIC		!	Uganda
	ZMB.LIC		!	Zambia
	ZWE.LIC		!	Zimbabwe
	XEC.LIC		!	Rest of Eastern Africa
*			- Burundi
*			- Comoros
*			- Djibouti
*			- Eritrea
*			- Kenya
*			- Mayotte
*			- Reunion
*			- Rwanda
*			- Seychelles
*			- Somalia
*			- Sudan
	BWA.MIC		!	Botswana
	XSC.MIC		!	Rest of South African Customs Union 
	/;
