$title	GTAPIEA aggregation from the GSD Source Data

$setglobal source gsd01

SET   rr   Regions in aggregation /
	aus	Australia
	nzl	New Zealand
	xoc	Rest of Oceania
	chn	China
	hkg	Hong Kong
	jpn	Japan
	kor	Korea
	twn	Taiwan
	xea	Rest of East Asia
	idn	Indonesia
	mys	Malaysia
	phl	Philippines
	sgp	Singapore
	tha	Thailand
	vnm	Vietnam
	xse	Rest of Southeast Asia
	bgd	Bangladesh
	ind	India
	lka	Sri Lanka
	xsa	Rest of South Asia
	can	Canada
	usa	United States
	mex	Mexico
	xna	Rest of North America
	col	Colombia
	per	Peru
	ven	Venezuela
	xap	Rest of Andean Pact
	arg	Argentina
	bra	Brazil
	chl	Chile
	ury	Uruguay
	xsm	Rest of South America
	xca	Central America
	xfa	Rest of FTAA
	xcb	Rest of the Caribbean
	aut	Austria
	bel	Belgium
	dnk	Denmark
	fin	Finland
	fra	France
	deu	Germany
	gbr	United Kingdom
	grc	Greece
	irl	Ireland
	ita	Italy
	lux	Luxembourg
	nld	Netherlands
	prt	Portugal
	esp	Spain
	swe	Sweden
	che	Switzerland
	xef	Rest of EFTA
	xer	Rest of Europe
	alb	Albania
	bgr	Bulgaria
	hrv	Croatia
	cyp	Cyprus
	cze	Czech Republic
	hun	Hungary
	mlt	Malta
	pol	Poland
	rom	Romania
	svk	Slovakia
	svn	Slovenia
	est	Estonia
	lva	Latvia
	ltu	Lithuania
	rus	Russian Federation
	xsu	Rest of Former Soviet Union
	tur	Turkey
	xme	Rest of Middle East
	mar	Morocco
	tun	Tunisia
	xnf	Rest of North Africa
	zaf	South Africa
	xcu	Rest of South African CU + BWA
	moz	Mozambique
	tza	Tanzania
	zmb	Zambia
	zwe	Zimbabwe
	xdc	Rest of SADC and MWI
	xaf	Rest of Sub-Saharan Africa + UGA /;                    

set ii Sectors and goods in aggregate model /
	gas	Natural gas works
	ele	Electricity and heat 
	oil	Refined oil products
	col	Coal 
	cru	Crude oil

	i_s	Iron and steel industry (IRONSTL)
	crp	Chemical industry (CHEMICAL)
	nfm	Non-ferrous metals (NONFERR)
	nmm	Non-metallic minerals (NONMET)
	teq	Transport equipment (TRANSEQ)
	ome	Other machinery (MACHINE)
	omn	Mining (MINING)
	fpr	Food products (FOODPRO)
	ppp	Paper-pulp-print (PAPERPRO)
	lum	Wood and wood-products (WOODPRO)
	cns	Construction (CONSTRUC)
	twl	Textiles-wearing apparel-leather (TEXTILES)
	omf	Other manufacturing (INONSPEC)
	agr	Agricultural products (AGRICULT - NEOTHER - ONONSPEC)
	trn	Other transport
	atp	Air transport
	ser	Commercial and public services
	dwe	Dwellings,
	cgd	Investment composite /;

SET eec /
	col	Coal
	cru	Crude oil
	gas	Natural gas,
	oil	Refined oil products,
	ele	Electricity /;

SET   ff   Factors of production /
	LND	Land,
	SKL	Skilled labor,
	LAB	Unskilled labor,
	CAP	Capital,
	RES	Natural resources /
	
SET mapi(*,ii)  Mapping for sectors and goods /

	(GAS,GDT).GAS			Natural gas works
	ELY.ELE				Electricity and heat 
	P_C.OIL				Refined oil products
	COA.COL				Coal transformation
	OIL.CRU				Crude oil

	I_S.I_S				Iron and steel industry (IRONSTL)
	CRP.CRP				Chemical industry (CHEMICAL)
	NFM.NFM				Non-ferrous metals (NONFERR)
	NMM.NMM				Non-metallic minerals (NONMET)
	(MVH,OTN).TEQ			Transport equipment (TRANSEQ)
	OME.OME				Other machinery (MACHINE)
	OMN.OMN				Mining (MINING)
	(OMT,VOL,MIL,PCR,SGR,OFD,B_T,CMT).FPR	Food products (FOODPRO)
	PPP.PPP				Paper-pulp-print (PAPERPRO)
	LUM.LUM				Wood and wood-products (WOODPRO)
	CNS.CNS				Construction (CONSTRUC)
	(TEX,WAP,LEA).TWL		Textiles-wearing apparel-leather (TEXTILES)
	(ELE,FMP,OMF).OMF				Other manufacturing (INONSPEC)
	(PDR,WHT,GRO,V_F,OSD,C_B,PFB,OCR,
	CTL,OAP,RMK,WOL,FRS,FSH).AGR	Agricultural products
	(OTP,WTP).TRN			Transport
	ATP.ATP				Air transport
	(TRD,OFI,ISR,OBS,WTR,
	CMN,ROS,OSG).SER		Commercial and public services
	DWE.DWE				Dwellings,
	CGDS.CGD			Investment composite /;

SET	mapr(*,rr)	Mapping for regions /
	aus.aus	Australia
	nzl.nzl	New Zealand
	xoc.xoc	Rest of Oceania
	chn.chn	China
	hkg.hkg	Hong Kong
	jpn.jpn	Japan
	kor.kor	Korea
	twn.twn	Taiwan
	xea.xea	Rest of East Asia
	idn.idn	Indonesia
	mys.mys	Malaysia
	phl.phl	Philippines
	sgp.sgp	Singapore
	tha.tha	Thailand
	vnm.vnm	Vietnam
	xse.xse	Rest of Southeast Asia
	bgd.bgd	Bangladesh
	ind.ind	India
	lka.lka	Sri Lanka
	xsa.xsa	Rest of South Asia
	can.can	Canada
	usa.usa	United States
	mex.mex	Mexico
	xna.xna	Rest of North America
	col.col	Colombia
	per.per	Peru
	ven.ven	Venezuela
	xap.xap	Rest of Andean Pact
	arg.arg	Argentina
	bra.bra	Brazil
	chl.chl	Chile
	ury.ury	Uruguay
	xsm.xsm	Rest of South America
	xca.xca	Central America
	xfa.xfa	Rest of FTAA
	xcb.xcb	Rest of the Caribbean
	aut.aut	Austria
	bel.bel	Belgium
	dnk.dnk	Denmark
	fin.fin	Finland
	fra.fra	France
	deu.deu	Germany
	gbr.gbr	United Kingdom
	grc.grc	Greece
	irl.irl	Ireland
	ita.ita	Italy
	lux.lux	Luxembourg
	nld.nld	Netherlands
	prt.prt	Portugal
	esp.esp	Spain
	swe.swe	Sweden
	che.che	Switzerland
	xef.xef	Rest of EFTA
	xer.xer	Rest of Europe
	alb.alb	Albania
	bgr.bgr	Bulgaria
	hrv.hrv	Croatia
	cyp.cyp	Cyprus
	cze.cze	Czech Republic
	hun.hun	Hungary
	mlt.mlt	Malta
	pol.pol	Poland
	rom.rom	Romania
	svk.svk	Slovakia
	svn.svn	Slovenia
	est.est	Estonia
	lva.lva	Latvia
	ltu.ltu	Lithuania
	rus.rus	Russian Federation
	xsu.xsu	Rest of Former Soviet Union
	tur.tur	Turkey
	xme.xme	Rest of Middle East
	mar.mar	Morocco
	tun.tun	Tunisia
	xnf.xnf	Rest of North Africa
	bwa.xcu	Botswana (in xcu)
	zaf.zaf	South Africa
	xsc.xcu	Rest of South African CU + BWA
	mwi.xdc	Malawi (in xdc) 
	moz.moz	Mozambique
	tza.tza	Tanzania
	zmb.zmb	Zambia
	zwe.zwe	Zimbabwe
	xsd.xdc	Rest of SADC and MWI
	mdg.xdc	Madagascar (in xdc) 
	uga.xaf	Uganda (in xaf)
	xss.xaf	Rest of Sub-Saharan Africa + UGA
    /;                    

SET	mapf(*,ff)   Factors of production /
	Land.LND	Land,
	SkLab.SKL	Skilled labor,
	UnskLab.LAB	Unskilled labor,
	Capital.CAP	Capital,
	NatlRes.RES	Natural resources /


SET	mape(*,eec) /
	ecoa.col	Coal,
	eoil.cru	Crude oil,
	(egas,egdt).gas	Natural gas,
	ep_c.oil	Refined oil products,
	eely.ele	Electricity/;
