* Regional Mapping
set rr  Regions in the aggregation /

	USA	USA
        CAN	Canada			       				       
	MEX	Mexico			       			       
	BRA	Brazil			       			       
	LAM	Rest of Americas	       			       
	EUR	Europe			       			       
	RUS	Russia			       			       
	ROE	Rest of Europe and Central Asia			       
        CHN	China		     			     
	IND	India		     		     
	JPN	Japan		     		     
	ASI	Dynamic Asia	     		     
	REA	Rest of East Asia    		     
	ANZ	Australia and Oceania		     
        MES	Middle East
        AFR	Africa
        KOR     South Korea
        IDZ     Indonesia

/;

SET mapr(r,rr) Mapping of GTAP Regions (from-to) 

/

ALB	.	roe	Albania
ARE	.	mes	United Arab Emirates
ARG	.	lam	Argentina
ARM	.	roe	Armenia
AUS	.	anz	Australia
AUT	.	eur	Austria
AZE	.	roe	Azerbaijan
BEL	.	eur	Belgium
BGD	.	rea	Bangladesh
BGR	.	eur	Bulgaria
BHR	.	mes	Bahrain
BLR	.	roe	Belarus
BOL	.	lam	Plurinational Republic of Bolivia
BRA	.	bra	Brazil
BWA	.	afr	Botswana
CAN	.	can	Canada
CHE	.	eur	Switzerland
CHL	.	lam	Chile
CHN	.	chn	China
CIV	.	afr	Cote d'Ivoire
CMR	.	afr	Cameroon
COL	.	lam	Colombia
CRI	.	lam	Costa Rica
CYP	.	eur	Cyprus
CZE	.	eur	Czech Republic
DEU	.	eur	Germany
DNK	.	eur	Denmark
ECU	.	lam	Ecuador
EGY	.	afr	Egypt
ESP	.	eur	Spain
EST	.	eur	Estonia
ETH	.	afr	Ethiopia
FIN	.	eur	Finland
FRA	.	eur	France
GBR	.	eur	United Kingdom
GEO	.	roe	Georgia
GHA	.	afr	Ghana
GRC	.	eur	Greece
GTM	.	lam	Guatemala
HKG	.	chn	Hong Kong
HND	.	lam	Honduras
HRV	.	eur	Croatia
HUN	.	eur	Hungary
IDN	.	idz	Indonesia
IND	.	ind	India
IRL	.	eur	Ireland
IRN	.	mes	Iran Islamic Republic of
ISR	.	mes	Israel
ITA	.	eur	Italy
JPN	.	jpn	Japan
KAZ	.	roe	Kazakhstan
KEN	.	afr	Kenya
KGZ	.	roe	Kyrgyzstan
KHM	.	rea	Cambodia
KOR	.	kor	Korea Republic of
KWT	.	mes	Kuwait
LAO	.	rea	Lao People's Democratic Republic
LKA	.	rea	Sri Lanka
LTU	.	eur	Lithuania
LUX	.	eur	Luxembourg
LVA	.	eur	Latvia
MAR	.	afr	Morocco
MDG	.	afr	Madagascar
MEX	.	mex	Mexico
MLT	.	eur	Malta
MNG	.	rea	Mongolia
MOZ	.	afr	Mozambique
MUS	.	afr	Mauritius
MWI	.	afr	Malawi
MYS	.	asi	Malaysia
NAM	.	afr	Namibia
NGA	.	afr	Nigeria
NIC	.	lam	Nicaragua
NLD	.	eur	Netherlands
NOR	.	eur	Norway
NPL	.	rea	Nepal
NZL	.	anz	New Zealand
OMN	.	mes	Oman
PAK	.	rea	Pakistan
PAN	.	lam	Panama
PER	.	lam	Peru
PHL	.	asi	Philippines
POL	.	eur	Poland
PRT	.	eur	Portugal
PRY	.	lam	Paraguay
QAT	.	mes	Qatar
ROU	.	eur	Romania
RUS	.	rus	Russian Federation
SAU	.	mes	Saudi Arabia
SEN	.	afr	Senegal
SGP	.	asi	Singapore
SLV	.	lam	El Salvador
SVK	.	eur	Slovakia
SVN	.	eur	Slovenia
SWE	.	eur	Sweden
THA	.	asi	Thailand
TUN	.	afr	Tunisia
TUR	.	roe	Turkey
TWN	.	asi	Taiwan
TZA	.	afr	Tanzania United Republic of
UGA	.	afr	Uganda
UKR	.	roe	Ukraine
URY	.	lam	Uruguay
USA	.	usa	United States of America
VEN	.	lam	Venezuela
VNM	.	rea	Viet Nam
XAC	.	afr	South Central Africa
XCA	.	lam	Rest of Central America
XCB	.	lam	Caribbean
XCF	.	afr	Central Africa
XEA	.	rea	Rest of East Asia
XEC	.	afr	Rest of Eastern Africa
XEE	.	roe	Rest of Eastern Europe
XEF	.	eur	Rest of EFTA
XER	.	roe	Rest of Europe
XNA	.	lam	Rest of North America
XNF	.	afr	Rest of North Africa
XOC	.	anz	Rest of Oceania
XSA	.	rea	Rest of South Asia
XSC	.	afr	Rest of South African Customs Union
XSE	.	rea	Rest of Southeast Asia
XSM	.	lam	Rest of South America
XSU	.	roe	Rest of Former Soviet Union
XTW	.	anz	Rest of the World
XWF	.	afr	Rest of Western Africa
XWS	.	mes	Rest of Western Asia
ZAF	.	afr	South Africa
ZMB	.	afr	Zambia
ZWE	.	afr	Zimbabwe

/;

* Sectoral Mapping

*alias (i,ii);
*SET mapi(i,ii)  Mapping for sectors and goods;
*mapi(i,i) = yes;

set ii Sectors and goods in aggregate model /
	
PDR
WHT
GRO
V_F
OSD
C_B
PFB
OCR
CTL
OAP
RMK
WOL
FRS
FSH
COA
OIL
GAS
OMN
CMT
OMT
VOL
MIL
PCR
SGR
OFD
B_T
TEX
WAP
LEA
LUM
PPP
P_C
CRP
NMM
I_S
NFM
FMP
MVH
OTN
ELE
OME
OMF
ELY
GDT
WTR
CNS
TRD
OTP
WTP
ATP
CMN
OFI
ISR
OBS
ROS
OSG
DWE
/;

SET mapi(*,ii)  Mapping for sectors and goods /

PDR	.	PDR
WHT	.	WHT
GRO	.	GRO
V_F	.	V_F
OSD	.	OSD
C_B	.	C_B
PFB	.	PFB
OCR	.	OCR
CTL	.	CTL
OAP	.	OAP
RMK	.	RMK
WOL	.	WOL
FRS	.	FRS
FSH	.	FSH
COA	.	COA
OIL	.	OIL
GAS	.	GAS
OMN	.	OMN
CMT	.	CMT
OMT	.	OMT
VOL	.	VOL
MIL	.	MIL
PCR	.	PCR
SGR	.	SGR
OFD	.	OFD
B_T	.	B_T
TEX	.	TEX
WAP	.	WAP
LEA	.	LEA
LUM	.	LUM
PPP	.	PPP
P_C	.	P_C
CRP	.	CRP
NMM	.	NMM
I_S	.	I_S
NFM	.	NFM
FMP	.	FMP
MVH	.	MVH
OTN	.	OTN
ELE	.	ELE
OME	.	OME
OMF	.	OMF
ELY	.	ELY
GDT	.	GDT
WTR	.	WTR
CNS	.	CNS
TRD	.	TRD
OTP	.	OTP
WTP	.	WTP
ATP	.	ATP
CMN	.	CMN
OFI	.	OFI
ISR	.	ISR
OBS	.	OBS
ROS	.	ROS
OSG	.	OSG
DWE	.	DWE  
                                   
/;  

* Note: (YHC: 20131121)
* VOL.food  vegetable oils and fats                        	 
** bio-diesel is included in VOL

* OFD.food  food products nec                              	 
** corn ethanol eth1 is included in OFD

* CRP.eint  chemical - rubber - plastic products
** sugarcane ethanol is included in CRP  

*alias (f,ff);
*SET mapf(f,ff)	Mapping of factors;
*mapf(f,f) = yes;

SET   ff   Factors of production 
        /
	lnd	Land,
	lab	Labor,
	cap	Capital,
	fix	Natural resources 
        /;


SET	mapf(*,ff)   Factors of production 
        /
	Land.lnd	Land,
	SkLab.lab	Skilled labor,
	UnskLab.lab	Unskilled labor,
	Capital.cap	Capital,
	NatlRes.fix	Natural resources 
        /;

SET eec energy commodities
        /
	coal	Coal
	oil	Crude oil
	gas	Natural gas,
	roil	Refined oil products,
	elec	Electricity 
        /;

SET	mape(*,eec) 
        /
	ecoa.coal	Coal,
	eoil.oil	Crude oil,
	(egas,egdt).gas	Natural gas,
	ep_c.roil	Refined oil products,
	eely.elec	Electricity
        /;
