alias (r,rr);
set	mapr(r,rr)	Regions;
mapr(r,r) = yes;

alias (f,ff);
SET	mapf(f,ff)	Factors;
mapf(f,f) = yes;

set	ii	Goods in the IEA classification /
	GAS	Natural gas works,
	ELE	Electricity and heat ,
	OIL	Refined oil products,
	COL	Coal transformation,
	CRU	Crude oil,
	I_S	Iron and steel industry (IRONSTL),
	CRP	Chemical industry (CHEMICAL),
	NFM	Non-ferrous metals (NONFERR),
	NMM	Non-metallic minerals (NONMET),
	TEQ	Transport equipment (TRANSEQ),
	OME	Other machinery (MACHINE),
	OMN	Mining (MINING),
	FPR	Food products (FOODPRO),
	PPP	Paper-pulp-print (PAPERPRO),
	LUM	Wood and wood-products (WOODPRO),
	CNS	Construction (CONSTRUC),
	TWL	Textiles-wearing apparel-leather (TEXTILES),
	OMF	Other manufacturing (INONSPEC),
	AGR	Agricultural products,
	TRN	Transport,
	ATP	Air transport,
	SER	Commercial and public services,
	DWE	Dwellings/;

SET mapi(i,ii)  Mapping for sectors and goods /
	(gas,gdt).GAS			Natural gas works
	ele.ELE				Electricity and heat 
	oil.OIL				Refined oil products
	col.COL				Coal transformation
	cru.CRU				Crude oil

	i_s.I_S				Iron and steel industry (IRONSTL)
	crp.CRP				Chemical industry (CHEMICAL)
	nfm.NFM				Non-ferrous metals (NONFERR)
	nmm.NMM				Non-metallic minerals (NONMET)
	(mvh,OTN).TEQ			Transport equipment (TRANSEQ)
	ome.OME				Other machinery (MACHINE)
	omn.OMN				Mining (MINING)
	(omt,vol,mil,pcr,sgr,ofd,b_t,cmt).FPR	Food products (FOODPRO)
	ppp.PPP				Paper-pulp-print (PAPERPRO)
	lum.LUM				Wood and wood-products (WOODPRO)
	cns.CNS				Construction (CONSTRUC)
	(tex,WAP,LEA).TWL		Textiles-wearing apparel-leather (TEXTILES)
	(eeq,FMP,OMF).OMF		Other manufacturing (INONSPEC)
	(pdr,wht,gro,v_f,osd,c_b,pfb,ocr,ctl,oap,rmk,wol,frs,fsh).AGR	Agricultural products
	(otp,wtp).TRN			Transport
	atp.ATP				Air transport
	(trd,ofi,isr,obs,wtr,cmn,ros,osg).SER		Commercial and public services
	dwe.DWE				Dwellings/;
