* Regional Mapping
set rr  Regions in the aggregation /

n   oecd countries (north)
s   non-oecd countries (south)


/;

SET mapr(r,rr) Mapping of GTAP Regions (from-to) 

/

ALB	.	s	Albania
ARE	.	s	United Arab Emirates
ARG	.	s	Argentina
ARM	.	s	Armenia
AUS	.	n	Australia
AUT	.	n	Austria
AZE	.	s	Azerbaijan
BEL	.	n	Belgium
BGD	.	s	Bangladesh
BGR	.	s	Bulgaria
BHR	.	s	Bahrain
BLR	.	s	Belarus
BOL	.	s	Plurinational Republic of Bolivia
BRA	.	s	Brazil
BWA	.	s	Botswana
CAN	.	n	Canada
CHE	.	n	Switzerland
CHL	.	n	Chile
CHN	.	s	China
CIV	.	s	Cote d'Ivoire
CMR	.	s	Cameroon
COL	.	s	Colombia
CRI	.	s	Costa Rica
CYP	.	s	Cyprus
CZE	.	n	Czech Republic
DEU	.	n	Germany
DNK	.	n	Denmark
ECU	.	s	Ecuador
EGY	.	s	Egypt
ESP	.	n	Spain
EST	.	n	Estonia
ETH	.	s	Ethiopia
FIN	.	n	Finland
FRA	.	n	France
GBR	.	n	United Kingdom
GEO	.	s	Georgia
GHA	.	s	Ghana
GRC	.	n	Greece
GTM	.	s	Guatemala
HKG	.	s	Hong Kong
HND	.	s	Honduras
HRV	.	s	Croatia
HUN	.	n	Hungary
IDN	.	s	Indonesia
IND	.	s	India
IRL	.	n	Ireland
IRN	.	s	Iran Islamic Republic of
ISR	.	n	Israël
ITA	.	n	Italy
JPN	.	n	Japan
KAZ	.	s	Kazakhstan
KEN	.	s	Kenya
KGZ	.	s	Kyrgyzstan
KHM	.	s	Cambodia
KOR	.	n	Korea
KWT	.	s	Kuwait
LAO	.	s	Lao People's Democratic Republic
LKA	.	s	Sri Lanka
LTU	.	s	Lithuania
LUX	.	n	Luxembourg
LVA	.	s	Latvia
MAR	.	s	Morocco
MDG	.	s	Madagascar
MEX	.	n	Mexico
MLT	.	s	Malta
MNG	.	s	Mongolia
MOZ	.	s	Mozambique
MUS	.	s	Mauritius
MWI	.	s	Malawi
MYS	.	s	Malaysia
NAM	.	s	Namibia
NGA	.	s	Nigeria
NIC	.	s	Nicaragua
NLD	.	n	Netherlands
NOR	.	n	Norway
NPL	.	s	Nepal
NZL	.	n	New Zealand
OMN	.	s	Oman
PAK	.	s	Pakistan
PAN	.	s	Panama
PER	.	s	Peru
PHL	.	s	Philippines
POL	.	n	Poland
PRT	.	n	Portugal
PRY	.	s	Paraguay
QAT	.	s	Qatar
ROU	.	s	Romania
RUS	.	s	Russian Federation
SAU	.	s	Saudi Arabia
SEN	.	s	Senegal
SGP	.	s	Singapore
SLV	.	s	El Salvador
SVK	.	n	Slovak Republic
SVN	.	n	Slovenia
SWE	.	n	Sweden
THA	.	s	Thailand
TUN	.	s	Tunisia
TUR	.	n	Turkey
TWN	.	s	Taiwan
TZA	.	s	Tanzania United Republic of
UGA	.	s	Uganda
UKR	.	s	Ukraine
URY	.	s	Uruguay
USA	.	n	United States
VEN	.	s	Venezuela
VNM	.	s	Viet Nam
XAC	.	s	South Central Africa
XCA	.	s	Rest of Central America
XCB	.	s	Caribbean
XCF	.	s	Central Africa
XEA	.	s	Rest of East Asia
XEC	.	s	Rest of Eastern Africa
XEE	.	s	Rest of Eastern Europe
XEF	.	n	Rest of EFTA
XER	.	s	Rest of Europe
XNA	.	s	Rest of North America
XNF	.	s	Rest of North Africa
XOC	.	s	Rest of Oceania
XSA	.	s	Rest of South Asia
XSC	.	s	Rest of South African Customs Union
XSE	.	s	Rest of Southeast Asia
XSM	.	s	Rest of South America
XSU	.	s	Rest of Former Soviet Union
XTW	.	s	Rest of the World
XWF	.	s	Rest of Western Africa
XWS	.	s	Rest of Western Asia
ZAF	.	s	South Africa
ZMB	.	s	Zambia
ZWE	.	s	Zimbabwe

/;

* Sectoral Mapping

*alias (i,ii);
*SET mapi(i,ii)  Mapping for sectors and goods;
*mapi(i,i) = yes;

set ii Sectors and goods in aggregate model /
	crop	Agriculture - crops		
	live	Agriculture - livestock		
	fors	Agriculture - forestry		
	food	Food products			
	coal	Coal				
	oil     Crude Oil			
	roil	Refined Oil			
	gas     Gas				
	elec	Electricity			
	eint	Energy-intensive Industries	
	othr	Other Industries		
	serv	Services			
	tran	Transport                       
        dwe     Ownership of dwellings
*	cgd	Savings Good 
/;

SET mapi(*,ii)  Mapping for sectors and goods /

PDR.crop  paddy rice                                     	 
WHT.crop  wheat                                          	 
GRO.crop  cereal grains nec                              	 
V_F.crop  vegetables - fruit - nuts                        	 
OSD.crop  oil seeds                                      	 
C_B.crop  sugar cane - sugar beet                         	 
PFB.crop  plant-based fibers                             	 
OCR.crop  crops nec                                      	 
CTL.live  bo horses         					 
OAP.live  animal products nec                            	 
RMK.live  raw milk                                       	 
WOL.live  wool - silk-worm cocoons                        	 
FRS.fors  forestry                                       	 
FSH.live  fishing                                        	 
COA.coal  coal                                           	 
OIL.oil   oil                                            	 
GAS.gas   gas                                            	 
OMN.othr  minerals nec                                   	 
CMT.food  bo meat products    					 
OMT.food  meat products                                  	 
VOL.food  vegetable oils and fats                        	 
MIL.food  dairy products                                 	 
PCR.food  processed rice                                 	 
SGR.food  sugar                                          	 
OFD.food  food products nec                              	 
B_T.food  beverages and tobacco products                 	 
TEX.othr  textiles                                       	 
WAP.othr  wearing apparel                                	 
LEA.othr  leather products                               	 
LUM.othr  wood products                                  	 
PPP.eint  paper products - publishing                     	 
P_C.roil  petroleum - coal products                       	 
CRP.eint  chemical - rubber - plastic products             	 
NMM.eint  mineral products nec                           	 
I_S.eint  ferrous metals                                 	 
NFM.eint  metals nec                                     	 
FMP.eint  metal products                                 	 
MVH.othr  motor vehicles and parts                       	 
OTN.othr  transport equipment nec                        	 
ELE.othr  electronic equipment                           	 
OME.othr  machinery and equipment nec                    	 
OMF.othr  manufactures nec                               	 
ELY.elec  electricity                                    	 
GDT.gas   gas manufacture - distribution                  	 
WTR.othr  water                                          	 
CNS.othr  construction                                   	 
TRD.serv  trade                                          	 
OTP.tran  transport nec                                  	 
WTP.tran  water transport                                	 
ATP.tran  air transport                                  	 
CMN.serv  communication                                  	 
OFI.serv  financial services nec                         	 
ISR.serv  insurance                                      	 
OBS.serv  business services nec                          	 
ROS.serv  recreational and other services                	 
OSG.serv  public admin - and defence - education - health   	 
DWE.dwe   ownership of dwellings
*DWE.othr  ownership of dwellings 				 
*CGDS.cgd  Savings good                                          
/;  


*alias (f,ff);
*SET mapf(f,ff)	Mapping of factors;
*mapf(f,f) = yes;

SET   ff   Factors of production 
        /
	lnd	Land,
	lab	Labor,
	cap	Capital,
	fix	Natural resources 
        /;


SET	mapf(*,ff)   Factors of production 
        /
	Land.lnd	Land,
	SkLab.lab	Skilled labor,
	UnskLab.lab	Unskilled labor,
	Capital.cap	Capital,
	NatlRes.fix	Natural resources 
        /;

SET eec energy commodities
        /
	coal	Coal
	oil	Crude oil
	gas	Natural gas,
	roil	Refined oil products,
	elec	Electricity 
        /;

SET	mape(*,eec) 
        /
	ecoa.coal	Coal,
	eoil.oil	Crude oil,
	(egas,egdt).gas	Natural gas,
	ep_c.roil	Refined oil products,
	eely.elec	Electricity
        /;
